#-----------------------------------------------------------
# Vivado v2023.2 (64-bit)
# SW Build 4029153 on Fri Oct 13 20:14:34 MDT 2023
# IP Build 4028589 on Sat Oct 14 00:45:43 MDT 2023
# SharedData Build 4025554 on Tue Oct 10 17:18:54 MDT 2023
# Start of session at: Sun Apr 28 22:46:00 2024
# Process ID: 33416
# Current directory: C:/Users/salla/OneDrive/Desktop/Coding/Vivado/B22EE058-lab_02/Part_01/clock/clock.runs/synth_1
# Command line: vivado.exe -log DigitalClock.vds -product Vivado -mode batch -messageDb vivado.pb -notrace -source DigitalClock.tcl
# Log file: C:/Users/salla/OneDrive/Desktop/Coding/Vivado/B22EE058-lab_02/Part_01/clock/clock.runs/synth_1/DigitalClock.vds
# Journal file: C:/Users/salla/OneDrive/Desktop/Coding/Vivado/B22EE058-lab_02/Part_01/clock/clock.runs/synth_1\vivado.jou
# Running On: Kaushik, OS: Windows, CPU Frequency: 2918 MHz, CPU Physical cores: 4, Host memory: 16936 MB
#-----------------------------------------------------------
source DigitalClock.tcl -notrace
